<testsuites id="" name="" tests="8" failures="1" skipped="0" errors="0" time="47.138871">
<testsuite name="mda\auth.setup.ts" timestamp="2025-09-18T15:10:54.964Z" hostname="mda-setup" tests="1" failures="0" skipped="0" time="8.202" errors="0">
<testcase name="authenticate" classname="mda\auth.setup.ts" time="8.202">
<system-out>
<![CDATA[
[[ATTACHMENT|test-results\mda-auth.setup.ts-authenticate-mda-setup\test-finished-1.png]]

[[ATTACHMENT|test-results\mda-auth.setup.ts-authenticate-mda-setup\video.webm]]

[[ATTACHMENT|test-results\mda-auth.setup.ts-authenticate-mda-setup\trace.zip]]
]]>
</system-out>
</testcase>
</testsuite>
<testsuite name="mda\mda.spec.ts" timestamp="2025-09-18T15:10:54.964Z" hostname="mda-tests" tests="1" failures="0" skipped="0" time="8.967" errors="0">
<testcase name="MDA Tests › basic mda test" classname="mda\mda.spec.ts" time="8.967">
<system-out>
<![CDATA[Xrm status: {
  xrmExists: [33mtrue[39m,
  xrmUtility: [33mtrue[39m,
  xrmPage: [33mtrue[39m,
  globalContextExists: [33mtrue[39m
}

[[ATTACHMENT|test-results\mda-MDA-Tests-basic-mda-test-mda-tests\test-finished-1.png]]

[[ATTACHMENT|test-results\mda-MDA-Tests-basic-mda-test-mda-tests\video.webm]]

[[ATTACHMENT|test-results\mda-MDA-Tests-basic-mda-test-mda-tests\trace.zip]]
]]>
</system-out>
</testcase>
</testsuite>
<testsuite name="mda\open-interested-parties.spec.ts" timestamp="2025-09-18T15:10:54.964Z" hostname="mda-tests" tests="6" failures="1" skipped="0" time="161.098" errors="0">
<testcase name="Grid Component - Basic Tests › Should get grid row count - PROVEN WORKING" classname="mda\open-interested-parties.spec.ts" time="24.503">
<system-out>
<![CDATA[✅ Grid has 9 rows

[[ATTACHMENT|test-results\open-interested-parties-Gr-81f4b--row-count---PROVEN-WORKING-mda-tests\test-finished-1.png]]

[[ATTACHMENT|test-results\open-interested-parties-Gr-81f4b--row-count---PROVEN-WORKING-mda-tests\video.webm]]

[[ATTACHMENT|test-results\open-interested-parties-Gr-81f4b--row-count---PROVEN-WORKING-mda-tests\trace.zip]]
]]>
</system-out>
</testcase>
<testcase name="Grid Component - Basic Tests › Should get column information - PROVEN WORKING" classname="mda\open-interested-parties.spec.ts" time="24.976">
<system-out>
<![CDATA[✅ Available columns: [
  { index: [33m1[39m, text: [32m'Toggle selection of all rows'[39m },
  { index: [33m2[39m, text: [32m'Case NameCase Name'[39m },
  { index: [33m3[39m, text: [32m'ApplicantApplicant'[39m },
  { index: [33m4[39m, text: [32m'Case CategoryCase Category'[39m },
  { index: [33m5[39m, text: [32m'Case TypeCase Type'[39m },
  { index: [33m6[39m, text: [32m'Lead InvestigatorLead Investigator'[39m },
  { index: [33m7[39m, text: [32m'Reserved Case NumberReserved Case Number'[39m },
  { index: [33m8[39m, text: [32m'Created OnCreated On'[39m },
  { index: [33m9[39m, text: [32m'Navigate'[39m }
]

[[ATTACHMENT|test-results\open-interested-parties-Gr-9acf1-nformation---PROVEN-WORKING-mda-tests\test-finished-1.png]]

[[ATTACHMENT|test-results\open-interested-parties-Gr-9acf1-nformation---PROVEN-WORKING-mda-tests\video.webm]]

[[ATTACHMENT|test-results\open-interested-parties-Gr-9acf1-nformation---PROVEN-WORKING-mda-tests\trace.zip]]
]]>
</system-out>
</testcase>
<testcase name="Grid Component - Basic Tests › Should get cell text from first record - PROVEN WORKING" classname="mda\open-interested-parties.spec.ts" time="26.72">
<system-out>
<![CDATA[✅ Record name: Steve Test Case 2Steve Test Case 2

[[ATTACHMENT|test-results\open-interested-parties-Gr-a6515-rst-record---PROVEN-WORKING-mda-tests\test-finished-1.png]]

[[ATTACHMENT|test-results\open-interested-parties-Gr-a6515-rst-record---PROVEN-WORKING-mda-tests\video.webm]]

[[ATTACHMENT|test-results\open-interested-parties-Gr-a6515-rst-record---PROVEN-WORKING-mda-tests\trace.zip]]
]]>
</system-out>
</testcase>
<testcase name="Grid Component - Basic Tests › Should open first record - YOUR ORIGINAL WORKING TEST" classname="mda\open-interested-parties.spec.ts" time="22.816">
<system-out>
<![CDATA[✅ Successfully opened record

[[ATTACHMENT|test-results\open-interested-parties-Gr-66fdf--YOUR-ORIGINAL-WORKING-TEST-mda-tests\test-finished-1.png]]

[[ATTACHMENT|test-results\open-interested-parties-Gr-66fdf--YOUR-ORIGINAL-WORKING-TEST-mda-tests\video.webm]]

[[ATTACHMENT|test-results\open-interested-parties-Gr-66fdf--YOUR-ORIGINAL-WORKING-TEST-mda-tests\trace.zip]]
]]>
</system-out>
</testcase>
<testcase name="Grid Component - Basic Tests › Should double-click main field to open record" classname="mda\open-interested-parties.spec.ts" time="31.872">
<failure message="open-interested-parties.spec.ts:77:9 Should double-click main field to open record" type="FAILURE">
<![CDATA[  [mda-tests] › mda\open-interested-parties.spec.ts:77:9 › Grid Component - Basic Tests › Should double-click main field to open record 

    Test timeout of 30000ms exceeded.

    attachment #1: screenshot (image/png) ──────────────────────────────────────────────────────────
    ..\test-results\open-interested-parties-Gr-48787-k-main-field-to-open-record-mda-tests\test-failed-1.png
    ────────────────────────────────────────────────────────────────────────────────────────────────

    attachment #2: video (video/webm) ──────────────────────────────────────────────────────────────
    ..\test-results\open-interested-parties-Gr-48787-k-main-field-to-open-record-mda-tests\video.webm
    ────────────────────────────────────────────────────────────────────────────────────────────────

    Error Context: ..\test-results\open-interested-parties-Gr-48787-k-main-field-to-open-record-mda-tests\error-context.md

    attachment #4: trace (application/zip) ─────────────────────────────────────────────────────────
    ..\test-results\open-interested-parties-Gr-48787-k-main-field-to-open-record-mda-tests\trace.zip
    Usage:

        npx playwright show-trace ..\test-results\open-interested-parties-Gr-48787-k-main-field-to-open-record-mda-tests\trace.zip

    ────────────────────────────────────────────────────────────────────────────────────────────────
]]>
</failure>
<system-out>
<![CDATA[✅ doubleClickCell(0, 2) successfully opened record

[[ATTACHMENT|test-results\open-interested-parties-Gr-48787-k-main-field-to-open-record-mda-tests\test-failed-1.png]]

[[ATTACHMENT|test-results\open-interested-parties-Gr-48787-k-main-field-to-open-record-mda-tests\video.webm]]

[[ATTACHMENT|test-results\open-interested-parties-Gr-48787-k-main-field-to-open-record-mda-tests\error-context.md]]

[[ATTACHMENT|test-results\open-interested-parties-Gr-48787-k-main-field-to-open-record-mda-tests\trace.zip]]
]]>
</system-out>
</testcase>
<testcase name="Grid Component - Basic Tests › Should click Case Category lookup link to open related record" classname="mda\open-interested-parties.spec.ts" time="30.211">
<system-out>
<![CDATA[✅ Successfully clicked Case Category lookup link and opened related record

[[ATTACHMENT|test-results\open-interested-parties-Gr-9c788-link-to-open-related-record-mda-tests\test-finished-1.png]]

[[ATTACHMENT|test-results\open-interested-parties-Gr-9c788-link-to-open-related-record-mda-tests\video.webm]]

[[ATTACHMENT|test-results\open-interested-parties-Gr-9c788-link-to-open-related-record-mda-tests\trace.zip]]
]]>
</system-out>
</testcase>
</testsuite>
</testsuites>